::1 - - [08/Dec/2019:22:13:52 +0000] "GET /uploads/2019-12-08T16:21:23.009Z-macos-mojave-3840x2160-abstract-technastic-5k-20507.jpg HTTP/1.1" 304 - "http://localhost:3000/thome" "Mozilla/5.0 (X11; Linux x86_64) AppleWebKit/537.36 (KHTML, like Gecko) Chrome/78.0.3904.108 Safari/537.36"
::1 - - [08/Dec/2019:22:13:52 +0000] "GET /uploads/2019-12-08T16:20:36.298Z-macos-mojave-2560x1440-abstract-technastic-5k-20510.jpg HTTP/1.1" 304 - "http://localhost:3000/thome" "Mozilla/5.0 (X11; Linux x86_64) AppleWebKit/537.36 (KHTML, like Gecko) Chrome/78.0.3904.108 Safari/537.36"
::1 - - [08/Dec/2019:22:13:52 +0000] "GET /uploads/2019-12-06T01:44:47.453Z-macos-mojave-3840x2160-abstract-technastic-5k-20507.jpg HTTP/1.1" 304 - "http://localhost:3000/thome" "Mozilla/5.0 (X11; Linux x86_64) AppleWebKit/537.36 (KHTML, like Gecko) Chrome/78.0.3904.108 Safari/537.36"
::1 - - [08/Dec/2019:22:14:22 +0000] "GET /tprofil HTTP/1.1" 200 - "http://localhost:3000/thome" "Mozilla/5.0 (X11; Linux x86_64) AppleWebKit/537.36 (KHTML, like Gecko) Chrome/78.0.3904.108 Safari/537.36"
::1 - - [08/Dec/2019:22:14:25 +0000] "GET /tchat HTTP/1.1" 200 - "http://localhost:3000/tprofil" "Mozilla/5.0 (X11; Linux x86_64) AppleWebKit/537.36 (KHTML, like Gecko) Chrome/78.0.3904.108 Safari/537.36"
::1 - - [08/Dec/2019:22:16:18 +0000] "GET /tchat HTTP/1.1" 200 - "http://localhost:3000/tprofil" "Mozilla/5.0 (X11; Linux x86_64) AppleWebKit/537.36 (KHTML, like Gecko) Chrome/78.0.3904.108 Safari/537.36"
::1 - - [08/Dec/2019:22:16:22 +0000] "GET /tchat HTTP/1.1" 200 - "http://localhost:3000/tprofil" "Mozilla/5.0 (X11; Linux x86_64) AppleWebKit/537.36 (KHTML, like Gecko) Chrome/78.0.3904.108 Safari/537.36"
::1 - - [08/Dec/2019:22:17:47 +0000] "GET /tprofil HTTP/1.1" 200 - "http://localhost:3000/tchat" "Mozilla/5.0 (X11; Linux x86_64) AppleWebKit/537.36 (KHTML, like Gecko) Chrome/78.0.3904.108 Safari/537.36"
::1 - - [08/Dec/2019:22:19:26 +0000] "GET /tprofil HTTP/1.1" 200 - "http://localhost:3000/tchat" "Mozilla/5.0 (X11; Linux x86_64) AppleWebKit/537.36 (KHTML, like Gecko) Chrome/78.0.3904.108 Safari/537.36"
::1 - - [08/Dec/2019:22:19:29 +0000] "GET /tchat HTTP/1.1" 200 - "http://localhost:3000/tprofil" "Mozilla/5.0 (X11; Linux x86_64) AppleWebKit/537.36 (KHTML, like Gecko) Chrome/78.0.3904.108 Safari/537.36"
::1 - - [08/Dec/2019:22:19:32 +0000] "GET /tchat HTTP/1.1" 200 - "http://localhost:3000/tprofil" "Mozilla/5.0 (X11; Linux x86_64) AppleWebKit/537.36 (KHTML, like Gecko) Chrome/78.0.3904.108 Safari/537.36"
::1 - - [08/Dec/2019:22:19:57 +0000] "GET /tchat HTTP/1.1" 500 - "http://localhost:3000/tprofil" "Mozilla/5.0 (X11; Linux x86_64) AppleWebKit/537.36 (KHTML, like Gecko) Chrome/78.0.3904.108 Safari/537.36"
::1 - - [08/Dec/2019:22:27:06 +0000] "GET /tchat HTTP/1.1" 500 - "http://localhost:3000/tprofil" "Mozilla/5.0 (X11; Linux x86_64) AppleWebKit/537.36 (KHTML, like Gecko) Chrome/78.0.3904.108 Safari/537.36"
::1 - - [08/Dec/2019:22:27:25 +0000] "GET /tchat HTTP/1.1" 500 - "http://localhost:3000/tprofil" "Mozilla/5.0 (X11; Linux x86_64) AppleWebKit/537.36 (KHTML, like Gecko) Chrome/78.0.3904.108 Safari/537.36"
::1 - - [08/Dec/2019:22:27:27 +0000] "GET /tchat HTTP/1.1" 500 - "http://localhost:3000/tprofil" "Mozilla/5.0 (X11; Linux x86_64) AppleWebKit/537.36 (KHTML, like Gecko) Chrome/78.0.3904.108 Safari/537.36"
::1 - - [08/Dec/2019:22:27:54 +0000] "GET /tchat HTTP/1.1" 200 - "http://localhost:3000/tprofil" "Mozilla/5.0 (X11; Linux x86_64) AppleWebKit/537.36 (KHTML, like Gecko) Chrome/78.0.3904.108 Safari/537.36"
::1 - - [08/Dec/2019:22:30:53 +0000] "GET /tchat HTTP/1.1" 200 - "http://localhost:3000/tprofil" "Mozilla/5.0 (X11; Linux x86_64) AppleWebKit/537.36 (KHTML, like Gecko) Chrome/78.0.3904.108 Safari/537.36"
::1 - - [08/Dec/2019:22:31:18 +0000] "GET /thome HTTP/1.1" 200 - "http://localhost:3000/tchat" "Mozilla/5.0 (X11; Linux x86_64) AppleWebKit/537.36 (KHTML, like Gecko) Chrome/78.0.3904.108 Safari/537.36"
::1 - - [08/Dec/2019:22:31:18 +0000] "GET /uploads/2019-12-08T16:21:23.009Z-macos-mojave-3840x2160-abstract-technastic-5k-20507.jpg HTTP/1.1" 304 - "http://localhost:3000/thome" "Mozilla/5.0 (X11; Linux x86_64) AppleWebKit/537.36 (KHTML, like Gecko) Chrome/78.0.3904.108 Safari/537.36"
::1 - - [08/Dec/2019:22:31:18 +0000] "GET /uploads/2019-12-08T16:20:36.298Z-macos-mojave-2560x1440-abstract-technastic-5k-20510.jpg HTTP/1.1" 304 - "http://localhost:3000/thome" "Mozilla/5.0 (X11; Linux x86_64) AppleWebKit/537.36 (KHTML, like Gecko) Chrome/78.0.3904.108 Safari/537.36"
::1 - - [08/Dec/2019:22:31:18 +0000] "GET /uploads/2019-12-06T01:44:47.453Z-macos-mojave-3840x2160-abstract-technastic-5k-20507.jpg HTTP/1.1" 304 - "http://localhost:3000/thome" "Mozilla/5.0 (X11; Linux x86_64) AppleWebKit/537.36 (KHTML, like Gecko) Chrome/78.0.3904.108 Safari/537.36"
::1 - - [08/Dec/2019:22:33:21 +0000] "GET /thome HTTP/1.1" 200 - "http://localhost:3000/tchat" "Mozilla/5.0 (X11; Linux x86_64) AppleWebKit/537.36 (KHTML, like Gecko) Chrome/78.0.3904.108 Safari/537.36"
::1 - - [08/Dec/2019:22:33:21 +0000] "GET /uploads/2019-12-08T16:21:23.009Z-macos-mojave-3840x2160-abstract-technastic-5k-20507.jpg HTTP/1.1" 304 - "http://localhost:3000/thome" "Mozilla/5.0 (X11; Linux x86_64) AppleWebKit/537.36 (KHTML, like Gecko) Chrome/78.0.3904.108 Safari/537.36"
::1 - - [08/Dec/2019:22:33:21 +0000] "GET /uploads/2019-12-06T01:44:47.453Z-macos-mojave-3840x2160-abstract-technastic-5k-20507.jpg HTTP/1.1" 304 - "http://localhost:3000/thome" "Mozilla/5.0 (X11; Linux x86_64) AppleWebKit/537.36 (KHTML, like Gecko) Chrome/78.0.3904.108 Safari/537.36"
::1 - - [08/Dec/2019:22:33:21 +0000] "GET /uploads/2019-12-08T16:20:36.298Z-macos-mojave-2560x1440-abstract-technastic-5k-20510.jpg HTTP/1.1" 304 - "http://localhost:3000/thome" "Mozilla/5.0 (X11; Linux x86_64) AppleWebKit/537.36 (KHTML, like Gecko) Chrome/78.0.3904.108 Safari/537.36"
::1 - - [08/Dec/2019:22:34:12 +0000] "GET /thome HTTP/1.1" 200 - "http://localhost:3000/tchat" "Mozilla/5.0 (X11; Linux x86_64) AppleWebKit/537.36 (KHTML, like Gecko) Chrome/78.0.3904.108 Safari/537.36"
::1 - - [08/Dec/2019:22:34:12 +0000] "GET /uploads/2019-12-08T16:21:23.009Z-macos-mojave-3840x2160-abstract-technastic-5k-20507.jpg HTTP/1.1" 304 - "http://localhost:3000/thome" "Mozilla/5.0 (X11; Linux x86_64) AppleWebKit/537.36 (KHTML, like Gecko) Chrome/78.0.3904.108 Safari/537.36"
::1 - - [08/Dec/2019:22:34:12 +0000] "GET /uploads/2019-12-08T16:20:36.298Z-macos-mojave-2560x1440-abstract-technastic-5k-20510.jpg HTTP/1.1" 304 - "http://localhost:3000/thome" "Mozilla/5.0 (X11; Linux x86_64) AppleWebKit/537.36 (KHTML, like Gecko) Chrome/78.0.3904.108 Safari/537.36"
::1 - - [08/Dec/2019:22:34:12 +0000] "GET /uploads/2019-12-06T01:44:47.453Z-macos-mojave-3840x2160-abstract-technastic-5k-20507.jpg HTTP/1.1" 304 - "http://localhost:3000/thome" "Mozilla/5.0 (X11; Linux x86_64) AppleWebKit/537.36 (KHTML, like Gecko) Chrome/78.0.3904.108 Safari/537.36"
::1 - - [08/Dec/2019:22:34:30 +0000] "GET /tchat HTTP/1.1" 200 - "http://localhost:3000/thome" "Mozilla/5.0 (X11; Linux x86_64) AppleWebKit/537.36 (KHTML, like Gecko) Chrome/78.0.3904.108 Safari/537.36"
::1 - - [08/Dec/2019:22:34:32 +0000] "GET /tprofil HTTP/1.1" 200 - "http://localhost:3000/tchat" "Mozilla/5.0 (X11; Linux x86_64) AppleWebKit/537.36 (KHTML, like Gecko) Chrome/78.0.3904.108 Safari/537.36"
::1 - - [08/Dec/2019:22:34:34 +0000] "GET /thome HTTP/1.1" 200 - "http://localhost:3000/tprofil" "Mozilla/5.0 (X11; Linux x86_64) AppleWebKit/537.36 (KHTML, like Gecko) Chrome/78.0.3904.108 Safari/537.36"
::1 - - [08/Dec/2019:22:34:34 +0000] "GET /uploads/2019-12-08T16:21:23.009Z-macos-mojave-3840x2160-abstract-technastic-5k-20507.jpg HTTP/1.1" 304 - "http://localhost:3000/thome" "Mozilla/5.0 (X11; Linux x86_64) AppleWebKit/537.36 (KHTML, like Gecko) Chrome/78.0.3904.108 Safari/537.36"
::1 - - [08/Dec/2019:22:34:34 +0000] "GET /uploads/2019-12-08T16:20:36.298Z-macos-mojave-2560x1440-abstract-technastic-5k-20510.jpg HTTP/1.1" 304 - "http://localhost:3000/thome" "Mozilla/5.0 (X11; Linux x86_64) AppleWebKit/537.36 (KHTML, like Gecko) Chrome/78.0.3904.108 Safari/537.36"
::1 - - [08/Dec/2019:22:34:34 +0000] "GET /uploads/2019-12-06T01:44:47.453Z-macos-mojave-3840x2160-abstract-technastic-5k-20507.jpg HTTP/1.1" 304 - "http://localhost:3000/thome" "Mozilla/5.0 (X11; Linux x86_64) AppleWebKit/537.36 (KHTML, like Gecko) Chrome/78.0.3904.108 Safari/537.36"
::1 - - [08/Dec/2019:22:35:15 +0000] "GET /tchat HTTP/1.1" 200 - "http://localhost:3000/thome" "Mozilla/5.0 (X11; Linux x86_64) AppleWebKit/537.36 (KHTML, like Gecko) Chrome/78.0.3904.108 Safari/537.36"
::1 - - [08/Dec/2019:22:35:30 +0000] "POST /create-room HTTP/1.1" 200 37 "http://localhost:3000/tchat" "Mozilla/5.0 (X11; Linux x86_64) AppleWebKit/537.36 (KHTML, like Gecko) Chrome/78.0.3904.108 Safari/537.36"
::1 - - [08/Dec/2019:22:35:30 +0000] "GET /tchat HTTP/1.1" 200 - "http://localhost:3000/tchat" "Mozilla/5.0 (X11; Linux x86_64) AppleWebKit/537.36 (KHTML, like Gecko) Chrome/78.0.3904.108 Safari/537.36"
::1 - - [08/Dec/2019:22:35:33 +0000] "GET /room/5ded7ab2f775a43c01b552fa HTTP/1.1" 200 - "http://localhost:3000/tchat" "Mozilla/5.0 (X11; Linux x86_64) AppleWebKit/537.36 (KHTML, like Gecko) Chrome/78.0.3904.108 Safari/537.36"
::1 - - [08/Dec/2019:22:35:40 +0000] "GET /room/5ded7ab2f775a43c01b552fa HTTP/1.1" 200 - "http://localhost:3000/tchat" "Mozilla/5.0 (X11; Linux x86_64) AppleWebKit/537.36 (KHTML, like Gecko) Chrome/78.0.3904.108 Safari/537.36"
::ffff:127.0.0.1 - - [08/Dec/2019:22:35:46 +0000] "POST /find-teacher HTTP/1.1" 200 - "http://localhost:3000/shome" "Mozilla/5.0 (X11; Ubuntu; Linux x86_64; rv:70.0) Gecko/20100101 Firefox/70.0"
::1 - - [08/Dec/2019:22:35:51 +0000] "GET /tprofil HTTP/1.1" 200 - "http://localhost:3000/room/5ded7ab2f775a43c01b552fa" "Mozilla/5.0 (X11; Linux x86_64) AppleWebKit/537.36 (KHTML, like Gecko) Chrome/78.0.3904.108 Safari/537.36"
::1 - - [08/Dec/2019:22:36:00 +0000] "GET /thome HTTP/1.1" 200 - "http://localhost:3000/tprofil" "Mozilla/5.0 (X11; Linux x86_64) AppleWebKit/537.36 (KHTML, like Gecko) Chrome/78.0.3904.108 Safari/537.36"
::1 - - [08/Dec/2019:22:36:00 +0000] "GET /uploads/2019-12-08T16:21:23.009Z-macos-mojave-3840x2160-abstract-technastic-5k-20507.jpg HTTP/1.1" 304 - "http://localhost:3000/thome" "Mozilla/5.0 (X11; Linux x86_64) AppleWebKit/537.36 (KHTML, like Gecko) Chrome/78.0.3904.108 Safari/537.36"
::1 - - [08/Dec/2019:22:36:00 +0000] "GET /uploads/2019-12-08T16:20:36.298Z-macos-mojave-2560x1440-abstract-technastic-5k-20510.jpg HTTP/1.1" 304 - "http://localhost:3000/thome" "Mozilla/5.0 (X11; Linux x86_64) AppleWebKit/537.36 (KHTML, like Gecko) Chrome/78.0.3904.108 Safari/537.36"
::1 - - [08/Dec/2019:22:36:00 +0000] "GET /uploads/2019-12-06T01:44:47.453Z-macos-mojave-3840x2160-abstract-technastic-5k-20507.jpg HTTP/1.1" 304 - "http://localhost:3000/thome" "Mozilla/5.0 (X11; Linux x86_64) AppleWebKit/537.36 (KHTML, like Gecko) Chrome/78.0.3904.108 Safari/537.36"
::1 - - [08/Dec/2019:22:36:03 +0000] "GET /tprofil HTTP/1.1" 200 - "http://localhost:3000/thome" "Mozilla/5.0 (X11; Linux x86_64) AppleWebKit/537.36 (KHTML, like Gecko) Chrome/78.0.3904.108 Safari/537.36"
::1 - - [08/Dec/2019:22:36:17 +0000] "POST /rejectStudent/ HTTP/1.1" 200 21 "http://localhost:3000/tprofil" "Mozilla/5.0 (X11; Linux x86_64) AppleWebKit/537.36 (KHTML, like Gecko) Chrome/78.0.3904.108 Safari/537.36"
::1 - - [08/Dec/2019:22:36:41 +0000] "GET /tprofil HTTP/1.1" 200 - "http://localhost:3000/thome" "Mozilla/5.0 (X11; Linux x86_64) AppleWebKit/537.36 (KHTML, like Gecko) Chrome/78.0.3904.108 Safari/537.36"
::1 - - [08/Dec/2019:22:36:44 +0000] "GET /tchat HTTP/1.1" 200 - "http://localhost:3000/tprofil" "Mozilla/5.0 (X11; Linux x86_64) AppleWebKit/537.36 (KHTML, like Gecko) Chrome/78.0.3904.108 Safari/537.36"
::ffff:127.0.0.1 - - [08/Dec/2019:22:36:51 +0000] "GET /sprofil HTTP/1.1" 200 - "http://localhost:3000/find-teacher" "Mozilla/5.0 (X11; Ubuntu; Linux x86_64; rv:70.0) Gecko/20100101 Firefox/70.0"
::ffff:127.0.0.1 - - [08/Dec/2019:22:36:55 +0000] "POST /logouts HTTP/1.1" 200 21 "http://localhost:3000/sprofil" "Mozilla/5.0 (X11; Ubuntu; Linux x86_64; rv:70.0) Gecko/20100101 Firefox/70.0"
::ffff:127.0.0.1 - - [08/Dec/2019:22:36:55 +0000] "GET / HTTP/1.1" 200 - "http://localhost:3000/sprofil" "Mozilla/5.0 (X11; Ubuntu; Linux x86_64; rv:70.0) Gecko/20100101 Firefox/70.0"
::ffff:127.0.0.1 - - [08/Dec/2019:22:37:03 +0000] "POST /login HTTP/1.1" 302 56 "http://localhost:3000/" "Mozilla/5.0 (X11; Ubuntu; Linux x86_64; rv:70.0) Gecko/20100101 Firefox/70.0"
::ffff:127.0.0.1 - - [08/Dec/2019:22:37:04 +0000] "GET /shome HTTP/1.1" 200 - "http://localhost:3000/" "Mozilla/5.0 (X11; Ubuntu; Linux x86_64; rv:70.0) Gecko/20100101 Firefox/70.0"
::ffff:127.0.0.1 - - [08/Dec/2019:22:37:04 +0000] "GET /uploads/2019-12-08T16:21:23.009Z-macos-mojave-3840x2160-abstract-technastic-5k-20507.jpg HTTP/1.1" 304 - "http://localhost:3000/shome" "Mozilla/5.0 (X11; Ubuntu; Linux x86_64; rv:70.0) Gecko/20100101 Firefox/70.0"
::ffff:127.0.0.1 - - [08/Dec/2019:22:37:04 +0000] "GET /uploads/2019-12-08T16:20:36.298Z-macos-mojave-2560x1440-abstract-technastic-5k-20510.jpg HTTP/1.1" 304 - "http://localhost:3000/shome" "Mozilla/5.0 (X11; Ubuntu; Linux x86_64; rv:70.0) Gecko/20100101 Firefox/70.0"
::ffff:127.0.0.1 - - [08/Dec/2019:22:37:04 +0000] "GET /uploads/2019-12-06T01:44:47.453Z-macos-mojave-3840x2160-abstract-technastic-5k-20507.jpg HTTP/1.1" 304 - "http://localhost:3000/shome" "Mozilla/5.0 (X11; Ubuntu; Linux x86_64; rv:70.0) Gecko/20100101 Firefox/70.0"
::ffff:127.0.0.1 - - [08/Dec/2019:22:37:07 +0000] "GET /schat HTTP/1.1" 200 - "http://localhost:3000/shome" "Mozilla/5.0 (X11; Ubuntu; Linux x86_64; rv:70.0) Gecko/20100101 Firefox/70.0"
::ffff:127.0.0.1 - - [08/Dec/2019:22:37:24 +0000] "POST /sjoinroom HTTP/1.1" 200 23 "http://localhost:3000/schat" "Mozilla/5.0 (X11; Ubuntu; Linux x86_64; rv:70.0) Gecko/20100101 Firefox/70.0"
::ffff:127.0.0.1 - - [08/Dec/2019:22:37:25 +0000] "GET /schat HTTP/1.1" 200 - "http://localhost:3000/schat" "Mozilla/5.0 (X11; Ubuntu; Linux x86_64; rv:70.0) Gecko/20100101 Firefox/70.0"
::ffff:127.0.0.1 - - [08/Dec/2019:22:37:28 +0000] "GET /room/5de5a4cc409c6e0c7b7fe9ef HTTP/1.1" 200 - "http://localhost:3000/schat" "Mozilla/5.0 (X11; Ubuntu; Linux x86_64; rv:70.0) Gecko/20100101 Firefox/70.0"
::ffff:127.0.0.1 - - [08/Dec/2019:22:37:28 +0000] "GET /assets/cotast%20AI.svg HTTP/1.1" - - "-" "Mozilla/5.0 (X11; Ubuntu; Linux x86_64; rv:70.0) Gecko/20100101 Firefox/70.0"
::1 - - [08/Dec/2019:22:37:36 +0000] "GET /room/5ded7ab2f775a43c01b552fa HTTP/1.1" 304 - "http://localhost:3000/tchat" "Mozilla/5.0 (X11; Linux x86_64) AppleWebKit/537.36 (KHTML, like Gecko) Chrome/78.0.3904.108 Safari/537.36"
::ffff:127.0.0.1 - - [08/Dec/2019:22:38:33 +0000] "GET /room/5de5a4cc409c6e0c7b7fe9ef HTTP/1.1" 302 46 "http://localhost:3000/schat" "Mozilla/5.0 (X11; Ubuntu; Linux x86_64; rv:70.0) Gecko/20100101 Firefox/70.0"
::ffff:127.0.0.1 - - [08/Dec/2019:22:38:33 +0000] "GET / HTTP/1.1" 302 56 "http://localhost:3000/schat" "Mozilla/5.0 (X11; Ubuntu; Linux x86_64; rv:70.0) Gecko/20100101 Firefox/70.0"
::ffff:127.0.0.1 - - [08/Dec/2019:22:38:33 +0000] "GET /shome HTTP/1.1" 200 - "http://localhost:3000/schat" "Mozilla/5.0 (X11; Ubuntu; Linux x86_64; rv:70.0) Gecko/20100101 Firefox/70.0"
::ffff:127.0.0.1 - - [08/Dec/2019:22:38:34 +0000] "GET /uploads/2019-12-08T16:21:23.009Z-macos-mojave-3840x2160-abstract-technastic-5k-20507.jpg HTTP/1.1" 304 - "http://localhost:3000/shome" "Mozilla/5.0 (X11; Ubuntu; Linux x86_64; rv:70.0) Gecko/20100101 Firefox/70.0"
::ffff:127.0.0.1 - - [08/Dec/2019:22:38:34 +0000] "GET /uploads/2019-12-08T16:20:36.298Z-macos-mojave-2560x1440-abstract-technastic-5k-20510.jpg HTTP/1.1" 304 - "http://localhost:3000/shome" "Mozilla/5.0 (X11; Ubuntu; Linux x86_64; rv:70.0) Gecko/20100101 Firefox/70.0"
::ffff:127.0.0.1 - - [08/Dec/2019:22:38:34 +0000] "GET /uploads/2019-12-06T01:44:47.453Z-macos-mojave-3840x2160-abstract-technastic-5k-20507.jpg HTTP/1.1" 304 - "http://localhost:3000/shome" "Mozilla/5.0 (X11; Ubuntu; Linux x86_64; rv:70.0) Gecko/20100101 Firefox/70.0"
::ffff:127.0.0.1 - - [08/Dec/2019:22:38:35 +0000] "GET /sprofil HTTP/1.1" 200 - "http://localhost:3000/shome" "Mozilla/5.0 (X11; Ubuntu; Linux x86_64; rv:70.0) Gecko/20100101 Firefox/70.0"
::ffff:127.0.0.1 - - [08/Dec/2019:22:38:38 +0000] "GET /schat HTTP/1.1" 200 - "http://localhost:3000/sprofil" "Mozilla/5.0 (X11; Ubuntu; Linux x86_64; rv:70.0) Gecko/20100101 Firefox/70.0"
::ffff:127.0.0.1 - - [08/Dec/2019:22:38:49 +0000] "POST /sjoinroom HTTP/1.1" 200 23 "http://localhost:3000/schat" "Mozilla/5.0 (X11; Ubuntu; Linux x86_64; rv:70.0) Gecko/20100101 Firefox/70.0"
::ffff:127.0.0.1 - - [08/Dec/2019:22:38:49 +0000] "GET /schat HTTP/1.1" 200 - "http://localhost:3000/schat" "Mozilla/5.0 (X11; Ubuntu; Linux x86_64; rv:70.0) Gecko/20100101 Firefox/70.0"
::ffff:127.0.0.1 - - [08/Dec/2019:22:38:51 +0000] "GET /room/5ded7ab2f775a43c01b552fa HTTP/1.1" 200 - "http://localhost:3000/schat" "Mozilla/5.0 (X11; Ubuntu; Linux x86_64; rv:70.0) Gecko/20100101 Firefox/70.0"
::ffff:127.0.0.1 - - [08/Dec/2019:22:39:20 +0000] "GET /room/5ded7ab2f775a43c01b552fa HTTP/1.1" 200 - "http://localhost:3000/schat" "Mozilla/5.0 (X11; Ubuntu; Linux x86_64; rv:70.0) Gecko/20100101 Firefox/70.0"
::ffff:127.0.0.1 - - [08/Dec/2019:22:39:50 +0000] "GET /room/5ded7ab2f775a43c01b552fa HTTP/1.1" 200 - "http://localhost:3000/schat" "Mozilla/5.0 (X11; Ubuntu; Linux x86_64; rv:70.0) Gecko/20100101 Firefox/70.0"
::ffff:127.0.0.1 - - [08/Dec/2019:22:40:41 +0000] "GET /room/5ded7ab2f775a43c01b552fa HTTP/1.1" 200 - "http://localhost:3000/schat" "Mozilla/5.0 (X11; Ubuntu; Linux x86_64; rv:70.0) Gecko/20100101 Firefox/70.0"
::ffff:127.0.0.1 - - [08/Dec/2019:22:40:52 +0000] "GET /sprofil HTTP/1.1" 200 - "http://localhost:3000/room/5ded7ab2f775a43c01b552fa" "Mozilla/5.0 (X11; Ubuntu; Linux x86_64; rv:70.0) Gecko/20100101 Firefox/70.0"
::1 - - [08/Dec/2019:22:49:26 +0000] "GET /tprofil HTTP/1.1" 200 - "http://localhost:3000/room/5ded7ab2f775a43c01b552fa" "Mozilla/5.0 (X11; Linux x86_64) AppleWebKit/537.36 (KHTML, like Gecko) Chrome/78.0.3904.108 Safari/537.36"
::ffff:127.0.0.1 - - [08/Dec/2019:22:53:26 +0000] "GET /shome HTTP/1.1" 200 - "http://localhost:3000/sprofil" "Mozilla/5.0 (X11; Ubuntu; Linux x86_64; rv:70.0) Gecko/20100101 Firefox/70.0"
::ffff:127.0.0.1 - - [08/Dec/2019:22:53:27 +0000] "GET /uploads/2019-12-08T16:21:23.009Z-macos-mojave-3840x2160-abstract-technastic-5k-20507.jpg HTTP/1.1" 304 - "http://localhost:3000/shome" "Mozilla/5.0 (X11; Ubuntu; Linux x86_64; rv:70.0) Gecko/20100101 Firefox/70.0"
::ffff:127.0.0.1 - - [08/Dec/2019:22:53:28 +0000] "GET /uploads/2019-12-08T16:20:36.298Z-macos-mojave-2560x1440-abstract-technastic-5k-20510.jpg HTTP/1.1" 304 - "http://localhost:3000/shome" "Mozilla/5.0 (X11; Ubuntu; Linux x86_64; rv:70.0) Gecko/20100101 Firefox/70.0"
::ffff:127.0.0.1 - - [08/Dec/2019:22:53:28 +0000] "GET /uploads/2019-12-06T01:44:47.453Z-macos-mojave-3840x2160-abstract-technastic-5k-20507.jpg HTTP/1.1" 304 - "http://localhost:3000/shome" "Mozilla/5.0 (X11; Ubuntu; Linux x86_64; rv:70.0) Gecko/20100101 Firefox/70.0"
::ffff:127.0.0.1 - - [08/Dec/2019:23:06:05 +0000] "GET /shome HTTP/1.1" 302 46 "http://localhost:3000/sprofil" "Mozilla/5.0 (X11; Ubuntu; Linux x86_64; rv:70.0) Gecko/20100101 Firefox/70.0"
::ffff:127.0.0.1 - - [08/Dec/2019:23:06:06 +0000] "GET / HTTP/1.1" 200 - "http://localhost:3000/sprofil" "Mozilla/5.0 (X11; Ubuntu; Linux x86_64; rv:70.0) Gecko/20100101 Firefox/70.0"
::1 - - [08/Dec/2019:23:06:08 +0000] "GET /tprofil HTTP/1.1" 302 46 "http://localhost:3000/room/5ded7ab2f775a43c01b552fa" "Mozilla/5.0 (X11; Linux x86_64) AppleWebKit/537.36 (KHTML, like Gecko) Chrome/78.0.3904.108 Safari/537.36"
::1 - - [08/Dec/2019:23:06:08 +0000] "GET / HTTP/1.1" 200 - "http://localhost:3000/room/5ded7ab2f775a43c01b552fa" "Mozilla/5.0 (X11; Linux x86_64) AppleWebKit/537.36 (KHTML, like Gecko) Chrome/78.0.3904.108 Safari/537.36"
::ffff:127.0.0.1 - - [08/Dec/2019:23:06:58 +0000] "POST /signup HTTP/1.1" 200 21 "http://localhost:3000/" "Mozilla/5.0 (X11; Ubuntu; Linux x86_64; rv:70.0) Gecko/20100101 Firefox/70.0"
::ffff:127.0.0.1 - - [08/Dec/2019:23:06:58 +0000] "GET / HTTP/1.1" 200 - "http://localhost:3000/" "Mozilla/5.0 (X11; Ubuntu; Linux x86_64; rv:70.0) Gecko/20100101 Firefox/70.0"
::ffff:127.0.0.1 - - [08/Dec/2019:23:07:07 +0000] "POST /login HTTP/1.1" 302 56 "http://localhost:3000/" "Mozilla/5.0 (X11; Ubuntu; Linux x86_64; rv:70.0) Gecko/20100101 Firefox/70.0"
::ffff:127.0.0.1 - - [08/Dec/2019:23:07:08 +0000] "GET /shome HTTP/1.1" 500 365 "http://localhost:3000/" "Mozilla/5.0 (X11; Ubuntu; Linux x86_64; rv:70.0) Gecko/20100101 Firefox/70.0"
::ffff:127.0.0.1 - - [08/Dec/2019:23:09:17 +0000] "GET /shome HTTP/1.1" 500 365 "http://localhost:3000/" "Mozilla/5.0 (X11; Ubuntu; Linux x86_64; rv:70.0) Gecko/20100101 Firefox/70.0"
::ffff:127.0.0.1 - - [08/Dec/2019:23:10:52 +0000] "GET /shome HTTP/1.1" 200 - "http://localhost:3000/" "Mozilla/5.0 (X11; Ubuntu; Linux x86_64; rv:70.0) Gecko/20100101 Firefox/70.0"
::ffff:127.0.0.1 - - [08/Dec/2019:23:11:02 +0000] "GET /sprofil HTTP/1.1" 200 - "http://localhost:3000/shome" "Mozilla/5.0 (X11; Ubuntu; Linux x86_64; rv:70.0) Gecko/20100101 Firefox/70.0"
::ffff:127.0.0.1 - - [08/Dec/2019:23:11:07 +0000] "GET /schat HTTP/1.1" 200 - "http://localhost:3000/sprofil" "Mozilla/5.0 (X11; Ubuntu; Linux x86_64; rv:70.0) Gecko/20100101 Firefox/70.0"
::ffff:127.0.0.1 - - [08/Dec/2019:23:11:10 +0000] "GET /shome HTTP/1.1" 200 - "http://localhost:3000/schat" "Mozilla/5.0 (X11; Ubuntu; Linux x86_64; rv:70.0) Gecko/20100101 Firefox/70.0"
::ffff:127.0.0.1 - - [08/Dec/2019:23:11:26 +0000] "GET /schat HTTP/1.1" 200 - "http://localhost:3000/shome" "Mozilla/5.0 (X11; Ubuntu; Linux x86_64; rv:70.0) Gecko/20100101 Firefox/70.0"
::ffff:127.0.0.1 - - [08/Dec/2019:23:11:27 +0000] "GET /sprofil HTTP/1.1" 200 - "http://localhost:3000/schat" "Mozilla/5.0 (X11; Ubuntu; Linux x86_64; rv:70.0) Gecko/20100101 Firefox/70.0"
::ffff:127.0.0.1 - - [08/Dec/2019:23:11:31 +0000] "GET /shome HTTP/1.1" 200 - "http://localhost:3000/sprofil" "Mozilla/5.0 (X11; Ubuntu; Linux x86_64; rv:70.0) Gecko/20100101 Firefox/70.0"
::ffff:127.0.0.1 - - [08/Dec/2019:23:11:57 +0000] "GET /sprofil HTTP/1.1" 200 - "http://localhost:3000/shome" "Mozilla/5.0 (X11; Ubuntu; Linux x86_64; rv:70.0) Gecko/20100101 Firefox/70.0"
::1 - - [08/Dec/2019:23:12:09 +0000] "POST /signup HTTP/1.1" 200 21 "http://localhost:3000/" "Mozilla/5.0 (X11; Linux x86_64) AppleWebKit/537.36 (KHTML, like Gecko) Chrome/78.0.3904.108 Safari/537.36"
::1 - - [08/Dec/2019:23:12:09 +0000] "GET / HTTP/1.1" 200 - "http://localhost:3000/" "Mozilla/5.0 (X11; Linux x86_64) AppleWebKit/537.36 (KHTML, like Gecko) Chrome/78.0.3904.108 Safari/537.36"
::1 - - [08/Dec/2019:23:12:21 +0000] "POST /login HTTP/1.1" 302 56 "http://localhost:3000/" "Mozilla/5.0 (X11; Linux x86_64) AppleWebKit/537.36 (KHTML, like Gecko) Chrome/78.0.3904.108 Safari/537.36"
::1 - - [08/Dec/2019:23:12:21 +0000] "GET /shome HTTP/1.1" 302 56 "http://localhost:3000/" "Mozilla/5.0 (X11; Linux x86_64) AppleWebKit/537.36 (KHTML, like Gecko) Chrome/78.0.3904.108 Safari/537.36"
::1 - - [08/Dec/2019:23:13:21 +0000] "GET /thome HTTP/1.1" 200 - "-" "Mozilla/5.0 (X11; Linux x86_64) AppleWebKit/537.36 (KHTML, like Gecko) Chrome/78.0.3904.108 Safari/537.36"
::1 - - [08/Dec/2019:23:14:06 +0000] "GET /thome HTTP/1.1" 200 - "-" "Mozilla/5.0 (X11; Linux x86_64) AppleWebKit/537.36 (KHTML, like Gecko) Chrome/78.0.3904.108 Safari/537.36"
::1 - - [08/Dec/2019:23:14:11 +0000] "GET /tprofil HTTP/1.1" 200 - "http://localhost:3000/thome" "Mozilla/5.0 (X11; Linux x86_64) AppleWebKit/537.36 (KHTML, like Gecko) Chrome/78.0.3904.108 Safari/537.36"
::1 - - [08/Dec/2019:23:15:04 +0000] "GET /tchat HTTP/1.1" 200 - "-" "Mozilla/5.0 (X11; Linux x86_64) AppleWebKit/537.36 (KHTML, like Gecko) Chrome/78.0.3904.108 Safari/537.36"
::1 - - [08/Dec/2019:23:15:12 +0000] "GET /tprofil HTTP/1.1" 200 - "http://localhost:3000/tchat" "Mozilla/5.0 (X11; Linux x86_64) AppleWebKit/537.36 (KHTML, like Gecko) Chrome/78.0.3904.108 Safari/537.36"
::1 - - [08/Dec/2019:23:15:15 +0000] "GET /thome HTTP/1.1" 200 - "http://localhost:3000/tprofil" "Mozilla/5.0 (X11; Linux x86_64) AppleWebKit/537.36 (KHTML, like Gecko) Chrome/78.0.3904.108 Safari/537.36"
::ffff:127.0.0.1 - - [08/Dec/2019:23:15:23 +0000] "GET /shome HTTP/1.1" 200 - "http://localhost:3000/sprofil" "Mozilla/5.0 (X11; Ubuntu; Linux x86_64; rv:70.0) Gecko/20100101 Firefox/70.0"
::ffff:127.0.0.1 - - [08/Dec/2019:23:15:36 +0000] "POST /find-teacher HTTP/1.1" 200 - "http://localhost:3000/shome" "Mozilla/5.0 (X11; Ubuntu; Linux x86_64; rv:70.0) Gecko/20100101 Firefox/70.0"
::ffff:127.0.0.1 - - [08/Dec/2019:23:15:40 +0000] "POST /follow-teacher HTTP/1.1" 200 44 "http://localhost:3000/find-teacher" "Mozilla/5.0 (X11; Ubuntu; Linux x86_64; rv:70.0) Gecko/20100101 Firefox/70.0"
::1 - - [08/Dec/2019:23:18:23 +0000] "GET /tprofil HTTP/1.1" 200 - "-" "Mozilla/5.0 (X11; Linux x86_64) AppleWebKit/537.36 (KHTML, like Gecko) Chrome/78.0.3904.108 Safari/537.36"
::1 - - [08/Dec/2019:23:18:29 +0000] "POST /acceptStudent/ HTTP/1.1" 200 21 "http://localhost:3000/tprofil" "Mozilla/5.0 (X11; Linux x86_64) AppleWebKit/537.36 (KHTML, like Gecko) Chrome/78.0.3904.108 Safari/537.36"
::1 - - [08/Dec/2019:23:18:59 +0000] "GET /shome HTTP/1.1" 302 56 "-" "Mozilla/5.0 (X11; Linux x86_64) AppleWebKit/537.36 (KHTML, like Gecko) Chrome/78.0.3904.108 Safari/537.36"
::1 - - [08/Dec/2019:23:18:59 +0000] "GET /thome HTTP/1.1" 200 - "-" "Mozilla/5.0 (X11; Linux x86_64) AppleWebKit/537.36 (KHTML, like Gecko) Chrome/78.0.3904.108 Safari/537.36"
::ffff:127.0.0.1 - - [08/Dec/2019:23:19:27 +0000] "GET /shome HTTP/1.1" 200 - "-" "Mozilla/5.0 (X11; Ubuntu; Linux x86_64; rv:70.0) Gecko/20100101 Firefox/70.0"
::ffff:127.0.0.1 - - [08/Dec/2019:23:19:28 +0000] "GET /assets/cotast%20AI.svg HTTP/1.1" - - "-" "Mozilla/5.0 (X11; Ubuntu; Linux x86_64; rv:70.0) Gecko/20100101 Firefox/70.0"
::ffff:127.0.0.1 - - [08/Dec/2019:23:19:42 +0000] "POST /find-teacher HTTP/1.1" 200 - "http://localhost:3000/shome" "Mozilla/5.0 (X11; Ubuntu; Linux x86_64; rv:70.0) Gecko/20100101 Firefox/70.0"
::ffff:127.0.0.1 - - [08/Dec/2019:23:19:47 +0000] "GET /shome HTTP/1.1" 200 - "http://localhost:3000/find-teacher" "Mozilla/5.0 (X11; Ubuntu; Linux x86_64; rv:70.0) Gecko/20100101 Firefox/70.0"
::1 - - [08/Dec/2019:23:20:01 +0000] "POST /upload HTTP/1.1" 302 56 "http://localhost:3000/thome" "Mozilla/5.0 (X11; Linux x86_64) AppleWebKit/537.36 (KHTML, like Gecko) Chrome/78.0.3904.108 Safari/537.36"
::1 - - [08/Dec/2019:23:20:01 +0000] "GET /thome HTTP/1.1" 200 - "http://localhost:3000/thome" "Mozilla/5.0 (X11; Linux x86_64) AppleWebKit/537.36 (KHTML, like Gecko) Chrome/78.0.3904.108 Safari/537.36"
::1 - - [08/Dec/2019:23:20:01 +0000] "GET /uploads/2019-12-08T23:20:01.254Z-macos-mojave-3840x2160-abstract-technastic-5k-20507.jpg HTTP/1.1" 200 1616687 "http://localhost:3000/thome" "Mozilla/5.0 (X11; Linux x86_64) AppleWebKit/537.36 (KHTML, like Gecko) Chrome/78.0.3904.108 Safari/537.36"
::ffff:127.0.0.1 - - [08/Dec/2019:23:20:08 +0000] "GET /shome HTTP/1.1" 200 - "http://localhost:3000/find-teacher" "Mozilla/5.0 (X11; Ubuntu; Linux x86_64; rv:70.0) Gecko/20100101 Firefox/70.0"
::ffff:127.0.0.1 - - [08/Dec/2019:23:20:08 +0000] "GET /uploads/2019-12-08T23:20:01.254Z-macos-mojave-3840x2160-abstract-technastic-5k-20507.jpg HTTP/1.1" 200 1616687 "http://localhost:3000/shome" "Mozilla/5.0 (X11; Ubuntu; Linux x86_64; rv:70.0) Gecko/20100101 Firefox/70.0"
::ffff:127.0.0.1 - - [08/Dec/2019:23:20:08 +0000] "GET /favicon.ico HTTP/1.1" - - "-" "Mozilla/5.0 (X11; Ubuntu; Linux x86_64; rv:70.0) Gecko/20100101 Firefox/70.0"
::ffff:127.0.0.1 - - [08/Dec/2019:23:20:08 +0000] "GET /assets/cotast%20AI.svg HTTP/1.1" 200 - "-" "Mozilla/5.0 (X11; Ubuntu; Linux x86_64; rv:70.0) Gecko/20100101 Firefox/70.0"
::ffff:127.0.0.1 - - [08/Dec/2019:23:20:11 +0000] "GET /sprofil HTTP/1.1" 200 - "http://localhost:3000/shome" "Mozilla/5.0 (X11; Ubuntu; Linux x86_64; rv:70.0) Gecko/20100101 Firefox/70.0"
::ffff:127.0.0.1 - - [08/Dec/2019:23:20:11 +0000] "GET /favicon.ico HTTP/1.1" - - "-" "Mozilla/5.0 (X11; Ubuntu; Linux x86_64; rv:70.0) Gecko/20100101 Firefox/70.0"
::ffff:127.0.0.1 - - [08/Dec/2019:23:20:11 +0000] "GET /assets/cotast%20AI.svg HTTP/1.1" - - "-" "Mozilla/5.0 (X11; Ubuntu; Linux x86_64; rv:70.0) Gecko/20100101 Firefox/70.0"
::ffff:127.0.0.1 - - [08/Dec/2019:23:20:19 +0000] "POST /create-folder HTTP/1.1" 302 60 "http://localhost:3000/sprofil" "Mozilla/5.0 (X11; Ubuntu; Linux x86_64; rv:70.0) Gecko/20100101 Firefox/70.0"
::ffff:127.0.0.1 - - [08/Dec/2019:23:20:19 +0000] "GET /sprofil HTTP/1.1" 200 - "http://localhost:3000/sprofil" "Mozilla/5.0 (X11; Ubuntu; Linux x86_64; rv:70.0) Gecko/20100101 Firefox/70.0"
::ffff:127.0.0.1 - - [08/Dec/2019:23:20:22 +0000] "GET /shome HTTP/1.1" 200 - "http://localhost:3000/sprofil" "Mozilla/5.0 (X11; Ubuntu; Linux x86_64; rv:70.0) Gecko/20100101 Firefox/70.0"
::ffff:127.0.0.1 - - [08/Dec/2019:23:20:22 +0000] "GET /uploads/2019-12-08T23:20:01.254Z-macos-mojave-3840x2160-abstract-technastic-5k-20507.jpg HTTP/1.1" 304 - "http://localhost:3000/shome" "Mozilla/5.0 (X11; Ubuntu; Linux x86_64; rv:70.0) Gecko/20100101 Firefox/70.0"
::ffff:127.0.0.1 - - [08/Dec/2019:23:20:45 +0000] "GET /profil/5ded8349b635834286145a8c HTTP/1.1" 500 - "-" "Mozilla/5.0 (X11; Ubuntu; Linux x86_64; rv:70.0) Gecko/20100101 Firefox/70.0"
::ffff:127.0.0.1 - - [08/Dec/2019:23:25:25 +0000] "GET /profil/5ded8349b635834286145a8c HTTP/1.1" 200 - "-" "Mozilla/5.0 (X11; Ubuntu; Linux x86_64; rv:70.0) Gecko/20100101 Firefox/70.0"
::ffff:127.0.0.1 - - [08/Dec/2019:23:25:25 +0000] "GET /profil/uploads/2019-12-08T23:20:01.254Z-macos-mojave-3840x2160-abstract-technastic-5k-20507.jpg HTTP/1.1" 200 1616687 "http://localhost:3000/profil/5ded8349b635834286145a8c" "Mozilla/5.0 (X11; Ubuntu; Linux x86_64; rv:70.0) Gecko/20100101 Firefox/70.0"
::1 - - [08/Dec/2019:23:25:44 +0000] "POST /upload HTTP/1.1" 302 56 "http://localhost:3000/thome" "Mozilla/5.0 (X11; Linux x86_64) AppleWebKit/537.36 (KHTML, like Gecko) Chrome/78.0.3904.108 Safari/537.36"
::1 - - [08/Dec/2019:23:25:44 +0000] "GET /thome HTTP/1.1" 200 - "http://localhost:3000/thome" "Mozilla/5.0 (X11; Linux x86_64) AppleWebKit/537.36 (KHTML, like Gecko) Chrome/78.0.3904.108 Safari/537.36"
::1 - - [08/Dec/2019:23:25:44 +0000] "GET /uploads/2019-12-08T23:20:01.254Z-macos-mojave-3840x2160-abstract-technastic-5k-20507.jpg HTTP/1.1" 304 - "http://localhost:3000/thome" "Mozilla/5.0 (X11; Linux x86_64) AppleWebKit/537.36 (KHTML, like Gecko) Chrome/78.0.3904.108 Safari/537.36"
::ffff:127.0.0.1 - - [08/Dec/2019:23:25:58 +0000] "GET /profil/5ded8349b635834286145a8c HTTP/1.1" 200 - "-" "Mozilla/5.0 (X11; Ubuntu; Linux x86_64; rv:70.0) Gecko/20100101 Firefox/70.0"
::ffff:127.0.0.1 - - [08/Dec/2019:23:25:58 +0000] "GET /profil/uploads/2019-12-08T23:20:01.254Z-macos-mojave-3840x2160-abstract-technastic-5k-20507.jpg HTTP/1.1" 304 - "http://localhost:3000/profil/5ded8349b635834286145a8c" "Mozilla/5.0 (X11; Ubuntu; Linux x86_64; rv:70.0) Gecko/20100101 Firefox/70.0"
::ffff:127.0.0.1 - - [08/Dec/2019:23:25:59 +0000] "GET /assets/cotast%20AI.svg HTTP/1.1" - - "-" "Mozilla/5.0 (X11; Ubuntu; Linux x86_64; rv:70.0) Gecko/20100101 Firefox/70.0"
::ffff:127.0.0.1 - - [08/Dec/2019:23:26:02 +0000] "POST /add-content/ HTTP/1.1" 300 40 "http://localhost:3000/profil/5ded8349b635834286145a8c" "Mozilla/5.0 (X11; Ubuntu; Linux x86_64; rv:70.0) Gecko/20100101 Firefox/70.0"
::ffff:127.0.0.1 - - [08/Dec/2019:23:26:12 +0000] "POST /add-content/ HTTP/1.1" 200 38 "http://localhost:3000/profil/5ded8349b635834286145a8c" "Mozilla/5.0 (X11; Ubuntu; Linux x86_64; rv:70.0) Gecko/20100101 Firefox/70.0"
::ffff:127.0.0.1 - - [08/Dec/2019:23:26:23 +0000] "GET /profil/uploads/2019-12-08T23:25:43.886Z-devoir-de-synth%C3%A8se-n%C2%B01--2013-2014[ben-guerdenne-2].pdf HTTP/1.1" 200 980348 "http://localhost:3000/profil/5ded8349b635834286145a8c" "Mozilla/5.0 (X11; Ubuntu; Linux x86_64; rv:70.0) Gecko/20100101 Firefox/70.0"
::ffff:127.0.0.1 - - [08/Dec/2019:23:26:33 +0000] "GET /shome HTTP/1.1" 200 - "http://localhost:3000/profil/5ded8349b635834286145a8c" "Mozilla/5.0 (X11; Ubuntu; Linux x86_64; rv:70.0) Gecko/20100101 Firefox/70.0"
::ffff:127.0.0.1 - - [08/Dec/2019:23:26:33 +0000] "GET /uploads/2019-12-08T23:20:01.254Z-macos-mojave-3840x2160-abstract-technastic-5k-20507.jpg HTTP/1.1" 304 - "http://localhost:3000/shome" "Mozilla/5.0 (X11; Ubuntu; Linux x86_64; rv:70.0) Gecko/20100101 Firefox/70.0"
::1 - - [08/Dec/2019:23:26:39 +0000] "GET /thome HTTP/1.1" 200 - "http://localhost:3000/thome" "Mozilla/5.0 (X11; Linux x86_64) AppleWebKit/537.36 (KHTML, like Gecko) Chrome/78.0.3904.108 Safari/537.36"
::1 - - [08/Dec/2019:23:26:39 +0000] "GET /uploads/2019-12-08T23:20:01.254Z-macos-mojave-3840x2160-abstract-technastic-5k-20507.jpg HTTP/1.1" 304 - "http://localhost:3000/thome" "Mozilla/5.0 (X11; Linux x86_64) AppleWebKit/537.36 (KHTML, like Gecko) Chrome/78.0.3904.108 Safari/537.36"
::1 - - [08/Dec/2019:23:26:42 +0000] "GET /tprofil HTTP/1.1" 200 - "http://localhost:3000/thome" "Mozilla/5.0 (X11; Linux x86_64) AppleWebKit/537.36 (KHTML, like Gecko) Chrome/78.0.3904.108 Safari/537.36"
::1 - - [08/Dec/2019:23:26:42 +0000] "GET /uploads/2019-12-08T23:20:01.254Z-macos-mojave-3840x2160-abstract-technastic-5k-20507.jpg HTTP/1.1" 304 - "http://localhost:3000/tprofil" "Mozilla/5.0 (X11; Linux x86_64) AppleWebKit/537.36 (KHTML, like Gecko) Chrome/78.0.3904.108 Safari/537.36"
::1 - - [08/Dec/2019:23:26:45 +0000] "POST /logoutt HTTP/1.1" 200 21 "http://localhost:3000/tprofil" "Mozilla/5.0 (X11; Linux x86_64) AppleWebKit/537.36 (KHTML, like Gecko) Chrome/78.0.3904.108 Safari/537.36"
::1 - - [08/Dec/2019:23:26:45 +0000] "GET / HTTP/1.1" 200 - "http://localhost:3000/tprofil" "Mozilla/5.0 (X11; Linux x86_64) AppleWebKit/537.36 (KHTML, like Gecko) Chrome/78.0.3904.108 Safari/537.36"
::1 - - [08/Dec/2019:23:27:29 +0000] "POST /signup HTTP/1.1" 200 21 "http://localhost:3000/" "Mozilla/5.0 (X11; Linux x86_64) AppleWebKit/537.36 (KHTML, like Gecko) Chrome/78.0.3904.108 Safari/537.36"
::1 - - [08/Dec/2019:23:27:29 +0000] "GET / HTTP/1.1" 200 - "http://localhost:3000/" "Mozilla/5.0 (X11; Linux x86_64) AppleWebKit/537.36 (KHTML, like Gecko) Chrome/78.0.3904.108 Safari/537.36"
::1 - - [08/Dec/2019:23:27:37 +0000] "POST /login HTTP/1.1" 422 - "http://localhost:3000/" "Mozilla/5.0 (X11; Linux x86_64) AppleWebKit/537.36 (KHTML, like Gecko) Chrome/78.0.3904.108 Safari/537.36"
::1 - - [08/Dec/2019:23:27:51 +0000] "POST /login HTTP/1.1" 422 - "http://localhost:3000/login" "Mozilla/5.0 (X11; Linux x86_64) AppleWebKit/537.36 (KHTML, like Gecko) Chrome/78.0.3904.108 Safari/537.36"
::1 - - [08/Dec/2019:23:27:59 +0000] "POST /login HTTP/1.1" 302 56 "http://localhost:3000/login" "Mozilla/5.0 (X11; Linux x86_64) AppleWebKit/537.36 (KHTML, like Gecko) Chrome/78.0.3904.108 Safari/537.36"
::1 - - [08/Dec/2019:23:27:59 +0000] "GET /shome HTTP/1.1" 302 56 "http://localhost:3000/login" "Mozilla/5.0 (X11; Linux x86_64) AppleWebKit/537.36 (KHTML, like Gecko) Chrome/78.0.3904.108 Safari/537.36"
::1 - - [08/Dec/2019:23:28:00 +0000] "GET /thome HTTP/1.1" 200 - "http://localhost:3000/login" "Mozilla/5.0 (X11; Linux x86_64) AppleWebKit/537.36 (KHTML, like Gecko) Chrome/78.0.3904.108 Safari/537.36"
::1 - - [08/Dec/2019:23:28:00 +0000] "GET /uploads/2019-12-08T23:20:01.254Z-macos-mojave-3840x2160-abstract-technastic-5k-20507.jpg HTTP/1.1" 304 - "http://localhost:3000/thome" "Mozilla/5.0 (X11; Linux x86_64) AppleWebKit/537.36 (KHTML, like Gecko) Chrome/78.0.3904.108 Safari/537.36"
::1 - - [08/Dec/2019:23:28:10 +0000] "POST /upload HTTP/1.1" 302 56 "http://localhost:3000/thome" "Mozilla/5.0 (X11; Linux x86_64) AppleWebKit/537.36 (KHTML, like Gecko) Chrome/78.0.3904.108 Safari/537.36"
::1 - - [08/Dec/2019:23:28:10 +0000] "GET /thome HTTP/1.1" 200 - "http://localhost:3000/thome" "Mozilla/5.0 (X11; Linux x86_64) AppleWebKit/537.36 (KHTML, like Gecko) Chrome/78.0.3904.108 Safari/537.36"
::1 - - [08/Dec/2019:23:28:10 +0000] "GET /uploads/2019-12-08T23:28:09.984Z-macos-mojave-2560x1440-abstract-technastic-5k-20510.jpg HTTP/1.1" 200 973335 "http://localhost:3000/thome" "Mozilla/5.0 (X11; Linux x86_64) AppleWebKit/537.36 (KHTML, like Gecko) Chrome/78.0.3904.108 Safari/537.36"
::1 - - [08/Dec/2019:23:28:11 +0000] "GET /uploads/2019-12-08T23:20:01.254Z-macos-mojave-3840x2160-abstract-technastic-5k-20507.jpg HTTP/1.1" 304 - "http://localhost:3000/thome" "Mozilla/5.0 (X11; Linux x86_64) AppleWebKit/537.36 (KHTML, like Gecko) Chrome/78.0.3904.108 Safari/537.36"
::ffff:127.0.0.1 - - [08/Dec/2019:23:28:16 +0000] "GET /shome HTTP/1.1" 200 - "http://localhost:3000/profil/5ded8349b635834286145a8c" "Mozilla/5.0 (X11; Ubuntu; Linux x86_64; rv:70.0) Gecko/20100101 Firefox/70.0"
::ffff:127.0.0.1 - - [08/Dec/2019:23:28:16 +0000] "GET /uploads/2019-12-08T23:20:01.254Z-macos-mojave-3840x2160-abstract-technastic-5k-20507.jpg HTTP/1.1" 304 - "http://localhost:3000/shome" "Mozilla/5.0 (X11; Ubuntu; Linux x86_64; rv:70.0) Gecko/20100101 Firefox/70.0"
::ffff:127.0.0.1 - - [08/Dec/2019:23:28:22 +0000] "GET /sprofil HTTP/1.1" 200 - "http://localhost:3000/shome" "Mozilla/5.0 (X11; Ubuntu; Linux x86_64; rv:70.0) Gecko/20100101 Firefox/70.0"
